npm notice run aeryn-web@1.0.0 start
npm notice run next start --port 3020
⨯ Failed to start server
Error: listen EADDRINUSE: address already in use :::3020
    at <unknown> (Error: listen EADDRINUSE: address already in use :::3020)
    at new Promise (<anonymous>) {
  code: 'EADDRINUSE',
  errno: -98,
  syscall: 'listen',
  address: '::',
  port: 3020
}
npm notice run aeryn-web@1.0.0 start
npm notice run next start --port 3020
⨯ Failed to start server
Error: listen EADDRINUSE: address already in use :::3020
    at <unknown> (Error: listen EADDRINUSE: address already in use :::3020)
    at new Promise (<anonymous>) {
  code: 'EADDRINUSE',
  errno: -98,
  syscall: 'listen',
  address: '::',
  port: 3020
}
npm notice run aeryn-web@1.0.0 start
npm notice run next start --port 3020
⨯ Failed to start server
Error: listen EADDRINUSE: address already in use :::3020
    at <unknown> (Error: listen EADDRINUSE: address already in use :::3020)
    at new Promise (<anonymous>) {
  code: 'EADDRINUSE',
  errno: -98,
  syscall: 'listen',
  address: '::',
  port: 3020
}
npm notice run aeryn-web@1.0.0 start
npm notice run next start --port 3020
⨯ Failed to start server
Error: listen EADDRINUSE: address already in use :::3020
    at <unknown> (Error: listen EADDRINUSE: address already in use :::3020)
    at new Promise (<anonymous>) {
  code: 'EADDRINUSE',
  errno: -98,
  syscall: 'listen',
  address: '::',
  port: 3020
}
npm notice run aeryn-web@1.0.0 start
npm notice run next start --port 3020
⨯ Failed to start server
Error: listen EADDRINUSE: address already in use :::3020
    at <unknown> (Error: listen EADDRINUSE: address already in use :::3020)
    at new Promise (<anonymous>) {
  code: 'EADDRINUSE',
  errno: -98,
  syscall: 'listen',
  address: '::',
  port: 3020
}
npm notice run aeryn-web@1.0.0 start
npm notice run next start --port 3020
⨯ Failed to start server
Error: listen EADDRINUSE: address already in use :::3020
    at <unknown> (Error: listen EADDRINUSE: address already in use :::3020)
    at new Promise (<anonymous>) {
  code: 'EADDRINUSE',
  errno: -98,
  syscall: 'listen',
  address: '::',
  port: 3020
}
npm notice run aeryn-web@1.0.0 start
npm notice run next start --port 3020
⨯ Failed to start server
Error: listen EADDRINUSE: address already in use :::3020
    at <unknown> (Error: listen EADDRINUSE: address already in use :::3020)
    at new Promise (<anonymous>) {
  code: 'EADDRINUSE',
  errno: -98,
  syscall: 'listen',
  address: '::',
  port: 3020
}
npm notice run aeryn-web@1.0.0 start
npm notice run next start --port 3020
⨯ Failed to start server
Error: listen EADDRINUSE: address already in use :::3020
    at <unknown> (Error: listen EADDRINUSE: address already in use :::3020)
    at new Promise (<anonymous>) {
  code: 'EADDRINUSE',
  errno: -98,
  syscall: 'listen',
  address: '::',
  port: 3020
}
npm notice run aeryn-web@1.0.0 start
npm notice run next start --port 3020
⨯ Failed to start server
Error: listen EADDRINUSE: address already in use :::3020
    at <unknown> (Error: listen EADDRINUSE: address already in use :::3020)
    at new Promise (<anonymous>) {
  code: 'EADDRINUSE',
  errno: -98,
  syscall: 'listen',
  address: '::',
  port: 3020
}
npm notice run aeryn-web@1.0.0 start
npm notice run next start --port 3020
⨯ Failed to start server
Error: listen EADDRINUSE: address already in use :::3020
    at <unknown> (Error: listen EADDRINUSE: address already in use :::3020)
    at new Promise (<anonymous>) {
  code: 'EADDRINUSE',
  errno: -98,
  syscall: 'listen',
  address: '::',
  port: 3020
}
npm notice run aeryn-web@1.0.0 start
npm notice run next start --port 3020
⨯ Failed to start server
Error: listen EADDRINUSE: address already in use :::3020
    at <unknown> (Error: listen EADDRINUSE: address already in use :::3020)
    at new Promise (<anonymous>) {
  code: 'EADDRINUSE',
  errno: -98,
  syscall: 'listen',
  address: '::',
  port: 3020
}
npm notice run aeryn-web@1.0.0 start
npm notice run next start --port 3020
⨯ Failed to start server
Error: listen EADDRINUSE: address already in use :::3020
    at <unknown> (Error: listen EADDRINUSE: address already in use :::3020)
    at new Promise (<anonymous>) {
  code: 'EADDRINUSE',
  errno: -98,
  syscall: 'listen',
  address: '::',
  port: 3020
}
npm notice run aeryn-web@1.0.0 start
npm notice run next start --port 3020
⨯ Failed to start server
Error: listen EADDRINUSE: address already in use :::3020
    at <unknown> (Error: listen EADDRINUSE: address already in use :::3020)
    at new Promise (<anonymous>) {
  code: 'EADDRINUSE',
  errno: -98,
  syscall: 'listen',
  address: '::',
  port: 3020
}
npm notice run aeryn-web@1.0.0 start
npm notice run next start --port 3020
⨯ Failed to start server
Error: listen EADDRINUSE: address already in use :::3020
    at <unknown> (Error: listen EADDRINUSE: address already in use :::3020)
    at new Promise (<anonymous>) {
  code: 'EADDRINUSE',
  errno: -98,
  syscall: 'listen',
  address: '::',
  port: 3020
}
npm notice run aeryn-web@1.0.0 start
npm notice run next start --port 3020
⨯ Failed to start server
Error: listen EADDRINUSE: address already in use :::3020
    at <unknown> (Error: listen EADDRINUSE: address already in use :::3020)
    at new Promise (<anonymous>) {
  code: 'EADDRINUSE',
  errno: -98,
  syscall: 'listen',
  address: '::',
  port: 3020
}
npm notice run aeryn-web@1.0.0 start
npm notice run next start --port 3020
⨯ Failed to start server
Error: listen EADDRINUSE: address already in use :::3020
    at <unknown> (Error: listen EADDRINUSE: address already in use :::3020)
    at new Promise (<anonymous>) {
  code: 'EADDRINUSE',
  errno: -98,
  syscall: 'listen',
  address: '::',
  port: 3020
}
npm notice run aeryn-web@1.0.0 start
npm notice run next start --port 3020
⨯ Failed to start server
Error: listen EADDRINUSE: address already in use :::3020
    at <unknown> (Error: listen EADDRINUSE: address already in use :::3020)
    at new Promise (<anonymous>) {
  code: 'EADDRINUSE',
  errno: -98,
  syscall: 'listen',
  address: '::',
  port: 3020
}
npm notice run aeryn-web@1.0.0 start
npm notice run next start --port 3020
⨯ Failed to start server
Error: listen EADDRINUSE: address already in use :::3020
    at <unknown> (Error: listen EADDRINUSE: address already in use :::3020)
    at new Promise (<anonymous>) {
  code: 'EADDRINUSE',
  errno: -98,
  syscall: 'listen',
  address: '::',
  port: 3020
}
npm notice run aeryn-web@1.0.0 start
npm notice run next start --port 3020
⨯ Failed to start server
Error: listen EADDRINUSE: address already in use :::3020
    at <unknown> (Error: listen EADDRINUSE: address already in use :::3020)
    at new Promise (<anonymous>) {
  code: 'EADDRINUSE',
  errno: -98,
  syscall: 'listen',
  address: '::',
  port: 3020
}
npm notice run aeryn-web@1.0.0 start
npm notice run next start --port 3020
⨯ Failed to start server
Error: listen EADDRINUSE: address already in use :::3020
    at <unknown> (Error: listen EADDRINUSE: address already in use :::3020)
    at new Promise (<anonymous>) {
  code: 'EADDRINUSE',
  errno: -98,
  syscall: 'listen',
  address: '::',
  port: 3020
}
npm notice run aeryn-web@1.0.0 start
npm notice run next start --port 3020
⨯ Failed to start server
Error: listen EADDRINUSE: address already in use :::3020
    at <unknown> (Error: listen EADDRINUSE: address already in use :::3020)
    at new Promise (<anonymous>) {
  code: 'EADDRINUSE',
  errno: -98,
  syscall: 'listen',
  address: '::',
  port: 3020
}
npm notice run aeryn-web@1.0.0 start
npm notice run next start --port 3020
⨯ Failed to start server
Error: listen EADDRINUSE: address already in use :::3020
    at <unknown> (Error: listen EADDRINUSE: address already in use :::3020)
    at new Promise (<anonymous>) {
  code: 'EADDRINUSE',
  errno: -98,
  syscall: 'listen',
  address: '::',
  port: 3020
}
npm notice run aeryn-web@1.0.0 start
npm notice run next start --port 3020
⨯ Failed to start server
Error: listen EADDRINUSE: address already in use :::3020
    at <unknown> (Error: listen EADDRINUSE: address already in use :::3020)
    at new Promise (<anonymous>) {
  code: 'EADDRINUSE',
  errno: -98,
  syscall: 'listen',
  address: '::',
  port: 3020
}
npm notice run aeryn-web@1.0.0 start
npm notice run next start --port 3020
⨯ Failed to start server
Error: listen EADDRINUSE: address already in use :::3020
    at <unknown> (Error: listen EADDRINUSE: address already in use :::3020)
    at new Promise (<anonymous>) {
  code: 'EADDRINUSE',
  errno: -98,
  syscall: 'listen',
  address: '::',
  port: 3020
}
npm notice run aeryn-web@1.0.0 start
npm notice run next start --port 3020
⨯ Failed to start server
Error: listen EADDRINUSE: address already in use :::3020
    at <unknown> (Error: listen EADDRINUSE: address already in use :::3020)
    at new Promise (<anonymous>) {
  code: 'EADDRINUSE',
  errno: -98,
  syscall: 'listen',
  address: '::',
  port: 3020
}
npm error Missing script: "dev"
npm error
npm error To see a list of scripts, run:
npm error   npm run
npm error A complete log of this run can be found in: /home/sen/.npm/_logs/2026-08-30T07_01_52_014Z-debug-0.log
npm notice run aeryn-web@1.0.0 dev
npm notice run next dev --port 3020
⨯ Failed to start server
Error: listen EADDRINUSE: address already in use :::3020
    at <unknown> (Error: listen EADDRINUSE: address already in use :::3020)
    at new Promise (<anonymous>) {
  code: 'EADDRINUSE',
  errno: -98,
  syscall: 'listen',
  address: '::',
  port: 3020
}
npm notice run aeryn-web@1.0.0 dev
npm notice run next dev --port 3020
npm notice run aeryn-web@1.0.0 dev
npm notice run next dev --port 3020
⚠ Duplicate page detected. src/app/api/health/route.js and src/app/api/health/route.ts resolve to /api/health
⚠ Duplicate page detected. src/app/api/health/route.js and src/app/api/health/route.ts resolve to /api/health
npm notice run aeryn-web@1.0.0 dev
npm notice run next dev --port 3020
⚠ Duplicate page detected. src/app/api/health/route.js and src/app/api/health/route.ts resolve to /api/health
⚠ Duplicate page detected. src/app/api/health/route.js and src/app/api/health/route.ts resolve to /api/health
npm notice run aeryn-web@1.0.0 dev
npm notice run next dev --port 3020
⨯ Failed to start server
Error: listen EADDRINUSE: address already in use :::3020
    at <unknown> (Error: listen EADDRINUSE: address already in use :::3020)
    at new Promise (<anonymous>) {
  code: 'EADDRINUSE',
  errno: -98,
  syscall: 'listen',
  address: '::',
  port: 3020
}
npm notice run aeryn-web@1.0.0 dev
npm notice run next dev --port 3020
⨯ Failed to start server
Error: listen EADDRINUSE: address already in use :::3020
    at <unknown> (Error: listen EADDRINUSE: address already in use :::3020)
    at new Promise (<anonymous>) {
  code: 'EADDRINUSE',
  errno: -98,
  syscall: 'listen',
  address: '::',
  port: 3020
}
npm notice run aeryn-web@1.0.0 dev
npm notice run next dev --port 3020
⨯ Failed to start server
Error: listen EADDRINUSE: address already in use :::3020
    at <unknown> (Error: listen EADDRINUSE: address already in use :::3020)
    at new Promise (<anonymous>) {
  code: 'EADDRINUSE',
  errno: -98,
  syscall: 'listen',
  address: '::',
  port: 3020
}
npm notice run aeryn-web@1.0.0 dev
npm notice run next dev --port 3020
⨯ Failed to start server
Error: listen EADDRINUSE: address already in use :::3020
    at <unknown> (Error: listen EADDRINUSE: address already in use :::3020)
    at new Promise (<anonymous>) {
  code: 'EADDRINUSE',
  errno: -98,
  syscall: 'listen',
  address: '::',
  port: 3020
}
npm notice run aeryn-web@1.0.0 dev
npm notice run next dev --port 3020
⨯ Failed to start server
Error: listen EADDRINUSE: address already in use :::3020
    at <unknown> (Error: listen EADDRINUSE: address already in use :::3020)
    at new Promise (<anonymous>) {
  code: 'EADDRINUSE',
  errno: -98,
  syscall: 'listen',
  address: '::',
  port: 3020
}
npm notice run aeryn-web@1.0.0 dev
npm notice run next dev --port 3020
⨯ Failed to start server
Error: listen EADDRINUSE: address already in use :::3020
    at <unknown> (Error: listen EADDRINUSE: address already in use :::3020)
    at new Promise (<anonymous>) {
  code: 'EADDRINUSE',
  errno: -98,
  syscall: 'listen',
  address: '::',
  port: 3020
}
npm notice run aeryn-web@1.0.0 dev
npm notice run next dev --port 3020
⨯ Failed to start server
Error: listen EADDRINUSE: address already in use :::3020
    at <unknown> (Error: listen EADDRINUSE: address already in use :::3020)
    at new Promise (<anonymous>) {
  code: 'EADDRINUSE',
  errno: -98,
  syscall: 'listen',
  address: '::',
  port: 3020
}
npm notice run aeryn-web@1.0.0 start
npm notice run next start --port 3020
⨯ Failed to start server
Error: listen EADDRINUSE: address already in use :::3020
    at <unknown> (Error: listen EADDRINUSE: address already in use :::3020)
    at new Promise (<anonymous>) {
  code: 'EADDRINUSE',
  errno: -98,
  syscall: 'listen',
  address: '::',
  port: 3020
}
npm notice run aeryn-web@1.0.0 start
npm notice run next start --port 3020
⨯ Failed to start server
Error: listen EADDRINUSE: address already in use :::3020
    at <unknown> (Error: listen EADDRINUSE: address already in use :::3020)
    at new Promise (<anonymous>) {
  code: 'EADDRINUSE',
  errno: -98,
  syscall: 'listen',
  address: '::',
  port: 3020
}
npm notice run aeryn-web@1.0.0 start
npm notice run next start --port 3020
⨯ Failed to start server
Error: listen EADDRINUSE: address already in use :::3020
    at <unknown> (Error: listen EADDRINUSE: address already in use :::3020)
    at new Promise (<anonymous>) {
  code: 'EADDRINUSE',
  errno: -98,
  syscall: 'listen',
  address: '::',
  port: 3020
}
npm notice run aeryn-web@1.0.0 start
npm notice run next start --port 3020
⨯ Failed to start server
Error: listen EADDRINUSE: address already in use :::3020
    at <unknown> (Error: listen EADDRINUSE: address already in use :::3020)
    at new Promise (<anonymous>) {
  code: 'EADDRINUSE',
  errno: -98,
  syscall: 'listen',
  address: '::',
  port: 3020
}
npm notice run aeryn-web@1.0.0 start
npm notice run next start --port 3020
⨯ Failed to start server
Error: listen EADDRINUSE: address already in use :::3020
    at <unknown> (Error: listen EADDRINUSE: address already in use :::3020)
    at new Promise (<anonymous>) {
  code: 'EADDRINUSE',
  errno: -98,
  syscall: 'listen',
  address: '::',
  port: 3020
}
npm notice run aeryn-web@1.0.0 start
npm notice run next start --port 3020
⨯ Failed to start server
Error: listen EADDRINUSE: address already in use :::3020
    at <unknown> (Error: listen EADDRINUSE: address already in use :::3020)
    at new Promise (<anonymous>) {
  code: 'EADDRINUSE',
  errno: -98,
  syscall: 'listen',
  address: '::',
  port: 3020
}
