2026-08-28 12:50:51: /home/sen/aeryn-core-agent/venv-proot/lib/python3.11/site-packages/fastapi/applications.py:18: StarletteDeprecationWarning: 'HTTP_422_UNPROCESSABLE_ENTITY' is deprecated. Use 'HTTP_422_UNPROCESSABLE_CONTENT' instead.
2026-08-28 12:50:51:   from fastapi.exception_handlers import (
2026-08-28 12:50:51: /home/sen/aeryn-core-agent/venv-proot/lib/python3.11/site-packages/fastapi/applications.py:30: StarletteDeprecationWarning: 'HTTP_422_UNPROCESSABLE_ENTITY' is deprecated. Use 'HTTP_422_UNPROCESSABLE_CONTENT' instead.
2026-08-28 12:50:51:   from fastapi.openapi.utils import get_openapi
2026-08-28 12:50:52: Traceback (most recent call last):
2026-08-28 12:50:52:   File "/home/sen/aeryn-core-agent/apps/api/aeryn_api.py", line 46, in <module>
2026-08-28 12:50:52:     
2026-08-28 12:50:52: app = FastAPI(title="Aeryn Daemon", version="40.55")
2026-08-28 12:50:52:           ^^^^^^^^^^^^^^^^^^^^^^^^^^^^^^^^^^^^^^^^^^^^^^
2026-08-28 12:50:52:   File "/home/sen/aeryn-core-agent/venv-proot/lib/python3.11/site-packages/fastapi/applications.py", line 896, in __init__
2026-08-28 12:50:52:     ] = webhooks or routing.APIRouter()
2026-08-28 12:50:52:                     ^^^^^^^^^^^^^^^^^^^
2026-08-28 12:50:52:   File "/home/sen/aeryn-core-agent/venv-proot/lib/python3.11/site-packages/fastapi/routing.py", line 837, in __init__
2026-08-28 12:50:52:     super().__init__(
2026-08-28 12:50:52: TypeError: Router.__init__() got an unexpected keyword argument 'on_startup'
2026-08-28 12:50:57: /home/sen/aeryn-core-agent/venv-proot/lib/python3.11/site-packages/fastapi/applications.py:18: StarletteDeprecationWarning: 'HTTP_422_UNPROCESSABLE_ENTITY' is deprecated. Use 'HTTP_422_UNPROCESSABLE_CONTENT' instead.
2026-08-28 12:50:57:   from fastapi.exception_handlers import (
2026-08-28 12:50:57: /home/sen/aeryn-core-agent/venv-proot/lib/python3.11/site-packages/fastapi/applications.py:30: StarletteDeprecationWarning: 'HTTP_422_UNPROCESSABLE_ENTITY' is deprecated. Use 'HTTP_422_UNPROCESSABLE_CONTENT' instead.
2026-08-28 12:50:57:   from fastapi.openapi.utils import get_openapi
2026-08-28 12:50:57: Traceback (most recent call last):
2026-08-28 12:50:57:   File "/home/sen/aeryn-core-agent/apps/api/aeryn_api.py", line 46, in <module>
2026-08-28 12:50:57:     app = FastAPI(title="Aeryn Daemon", version="40.55")
2026-08-28 12:50:57:           ^^^^^^^^^^^^^^^^^^^^^^^^^^^^^^^^^^^^^^^^^^^^^^
2026-08-28 12:50:57:   File "/home/sen/aeryn-core-agent/venv-proot/lib/python3.11/site-packages/fastapi/applications.py", line 896, in __init__
2026-08-28 12:50:57:     ] = webhooks or routing.APIRouter()
2026-08-28 12:50:57:                     ^^^^^^^^^^^^^^^^^^^
2026-08-28 12:50:57:   File "/home/sen/aeryn-core-agent/venv-proot/lib/python3.11/site-packages/fastapi/routing.py", line 837, in __init__
2026-08-28 12:50:57:     super().__init__(
2026-08-28 12:50:57: TypeError: Router.__init__() got an unexpected keyword argument 'on_startup'
2026-08-28 12:51:02: /home/sen/aeryn-core-agent/venv-proot/lib/python3.11/site-packages/fastapi/applications.py:18: StarletteDeprecationWarning: 'HTTP_422_UNPROCESSABLE_ENTITY' is deprecated. Use 'HTTP_422_UNPROCESSABLE_CONTENT' instead.
2026-08-28 12:51:02:   from fastapi.exception_handlers import (
2026-08-28 12:51:02: /home/sen/aeryn-core-agent/venv-proot/lib/python3.11/site-packages/fastapi/applications.py:30: StarletteDeprecationWarning: 'HTTP_422_UNPROCESSABLE_ENTITY' is deprecated. Use 'HTTP_422_UNPROCESSABLE_CONTENT' instead.
2026-08-28 12:51:02:   from fastapi.openapi.utils import get_openapi
2026-08-28 12:51:02: Traceback (most recent call last):
2026-08-28 12:51:02:   File "/home/sen/aeryn-core-agent/apps/api/aeryn_api.py", line 46, in <module>
2026-08-28 12:51:02:     app = FastAPI(title="Aeryn Daemon", version="40.55")
2026-08-28 12:51:02:           ^^^^^^^^^^^^^^^^^^^^^^^^^^^^^^^^^^^^^^^^^^^^^^
2026-08-28 12:51:02:   File "/home/sen/aeryn-core-agent/venv-proot/lib/python3.11/site-packages/fastapi/applications.py", line 896, in __init__
2026-08-28 12:51:02:     ] = webhooks or routing.APIRouter()
2026-08-28 12:51:02:                     ^^^^^^^^^^^^^^^^^^^
2026-08-28 12:51:02:   File "/home/sen/aeryn-core-agent/venv-proot/lib/python3.11/site-packages/fastapi/routing.py", line 837, in __init__
2026-08-28 12:51:02:     super().__init__(
2026-08-28 12:51:02: TypeError: Router.__init__() got an unexpected keyword argument 'on_startup'
2026-08-28 12:51:07: /home/sen/aeryn-core-agent/venv-proot/lib/python3.11/site-packages/fastapi/applications.py:18: StarletteDeprecationWarning: 'HTTP_422_UNPROCESSABLE_ENTITY' is deprecated. Use 'HTTP_422_UNPROCESSABLE_CONTENT' instead.
2026-08-28 12:51:07:   from fastapi.exception_handlers import (
2026-08-28 12:51:07: /home/sen/aeryn-core-agent/venv-proot/lib/python3.11/site-packages/fastapi/applications.py:30: StarletteDeprecationWarning: 'HTTP_422_UNPROCESSABLE_ENTITY' is deprecated. Use 'HTTP_422_UNPROCESSABLE_CONTENT' instead.
2026-08-28 12:51:07:   from fastapi.openapi.utils import get_openapi
2026-08-28 12:51:07: Traceback (most recent call last):
2026-08-28 12:51:07:   File "/home/sen/aeryn-core-agent/apps/api/aeryn_api.py", line 46, in <module>
2026-08-28 12:51:07:     app = FastAPI(title="Aeryn Daemon", version="40.55")
2026-08-28 12:51:07:           ^^^^^^^^^^^^^^^^^^^^^^^^^^^^^^^^^^^^^^^^^^^^^^
2026-08-28 12:51:07:   File "/home/sen/aeryn-core-agent/venv-proot/lib/python3.11/site-packages/fastapi/applications.py", line 896, in __init__
2026-08-28 12:51:07:     ] = webhooks or routing.APIRouter()
2026-08-28 12:51:07:                     ^^^^^^^^^^^^^^^^^^^
2026-08-28 12:51:07:   File "/home/sen/aeryn-core-agent/venv-proot/lib/python3.11/site-packages/fastapi/routing.py", line 837, in __init__
2026-08-28 12:51:07:     super().__init__(
2026-08-28 12:51:07: TypeError: Router.__init__() got an unexpected keyword argument 'on_startup'
2026-08-28 12:51:16: /home/sen/aeryn-core-agent/venv-proot/lib/python3.11/site-packages/fastapi/applications.py:18: StarletteDeprecationWarning: 'HTTP_422_UNPROCESSABLE_ENTITY' is deprecated. Use 'HTTP_422_UNPROCESSABLE_CONTENT' instead.
2026-08-28 12:51:16:   from fastapi.exception_handlers import (
2026-08-28 12:51:16: /home/sen/aeryn-core-agent/venv-proot/lib/python3.11/site-packages/fastapi/applications.py:30: StarletteDeprecationWarning: 'HTTP_422_UNPROCESSABLE_ENTITY' is deprecated. Use 'HTTP_422_UNPROCESSABLE_CONTENT' instead.
2026-08-28 12:51:16:   from fastapi.openapi.utils import get_openapi
2026-08-28 12:51:16: Traceback (most recent call last):
2026-08-28 12:51:16:   File "/home/sen/aeryn-core-agent/apps/api/aeryn_api.py", line 46, in <module>
2026-08-28 12:51:16:     app = FastAPI(title="Aeryn Daemon", version="40.55")
2026-08-28 12:51:16:           ^^^^^^^^^^^^^^^^^^^^^^^^^^^^^^^^^^^^^^^^^^^^^^
2026-08-28 12:51:16:   File "/home/sen/aeryn-core-agent/venv-proot/lib/python3.11/site-packages/fastapi/applications.py", line 896, in __init__
2026-08-28 12:51:16:     ] = webhooks or routing.APIRouter()
2026-08-28 12:51:16:                     ^^^^^^^^^^^^^^^^^^^
2026-08-28 12:51:16:   File "/home/sen/aeryn-core-agent/venv-proot/lib/python3.11/site-packages/fastapi/routing.py", line 837, in __init__
2026-08-28 12:51:16:     super().__init__(
2026-08-28 12:51:16: TypeError: Router.__init__() got an unexpected keyword argument 'on_startup'
2026-08-28 12:51:21: /home/sen/aeryn-core-agent/venv-proot/lib/python3.11/site-packages/fastapi/applications.py:18: StarletteDeprecationWarning: 'HTTP_422_UNPROCESSABLE_ENTITY' is deprecated. Use 'HTTP_422_UNPROCESSABLE_CONTENT' instead.
2026-08-28 12:51:21:   from fastapi.exception_handlers import (
2026-08-28 12:51:21: /home/sen/aeryn-core-agent/venv-proot/lib/python3.11/site-packages/fastapi/applications.py:30: StarletteDeprecationWarning: 'HTTP_422_UNPROCESSABLE_ENTITY' is deprecated. Use 'HTTP_422_UNPROCESSABLE_CONTENT' instead.
2026-08-28 12:51:21:   from fastapi.openapi.utils import get_openapi
2026-08-28 12:51:21: Traceback (most recent call last):
2026-08-28 12:51:21:   File "/home/sen/aeryn-core-agent/apps/api/aeryn_api.py", line 46, in <module>
2026-08-28 12:51:21:     app = FastAPI(title="Aeryn Daemon", version="40.55")
2026-08-28 12:51:21:           ^^^^^^^^^^^^^^^^^^^^^^^^^^^^^^^^^^^^^^^^^^^^^^
2026-08-28 12:51:21:   File "/home/sen/aeryn-core-agent/venv-proot/lib/python3.11/site-packages/fastapi/applications.py", line 896, in __init__
2026-08-28 12:51:21:     ] = webhooks or routing.APIRouter()
2026-08-28 12:51:21:                     ^^^^^^^^^^^^^^^^^^^
2026-08-28 12:51:21:   File "/home/sen/aeryn-core-agent/venv-proot/lib/python3.11/site-packages/fastapi/routing.py", line 837, in __init__
2026-08-28 12:51:21:     super().__init__(
2026-08-28 12:51:21: TypeError: Router.__init__() got an unexpected keyword argument 'on_startup'
2026-08-28 12:51:26: /home/sen/aeryn-core-agent/venv-proot/lib/python3.11/site-packages/fastapi/applications.py:18: StarletteDeprecationWarning: 'HTTP_422_UNPROCESSABLE_ENTITY' is deprecated. Use 'HTTP_422_UNPROCESSABLE_CONTENT' instead.
2026-08-28 12:51:26:   from fastapi.exception_handlers import (
2026-08-28 12:51:26: /home/sen/aeryn-core-agent/venv-proot/lib/python3.11/site-packages/fastapi/applications.py:30: StarletteDeprecationWarning: 'HTTP_422_UNPROCESSABLE_ENTITY' is deprecated. Use 'HTTP_422_UNPROCESSABLE_CONTENT' instead.
2026-08-28 12:51:26:   from fastapi.openapi.utils import get_openapi
2026-08-28 12:51:26: Traceback (most recent call last):
2026-08-28 12:51:26:   File "/home/sen/aeryn-core-agent/apps/api/aeryn_api.py", line 46, in <module>
2026-08-28 12:51:26:     app = FastAPI(title="Aeryn Daemon", version="40.55")
2026-08-28 12:51:26:           ^^^^^^^^^^^^^^^^^^^^^^^^^^^^^^^^^^^^^^^^^^^^^^
2026-08-28 12:51:26:   File "/home/sen/aeryn-core-agent/venv-proot/lib/python3.11/site-packages/fastapi/applications.py", line 896, in __init__
2026-08-28 12:51:26:     
2026-08-28 12:51:26: ] = webhooks or routing.APIRouter()
2026-08-28 12:51:26:                     ^^^^^^^^^^^^^^^^^^^
2026-08-28 12:51:26:   File "/home/sen/aeryn-core-agent/venv-proot/lib/python3.11/site-packages/fastapi/routing.py", line 837, in __init__
2026-08-28 12:51:26:     super().__init__(
2026-08-28 12:51:26: TypeError: Router.__init__() got an unexpected keyword argument 'on_startup'
2026-08-28 12:51:31: /home/sen/aeryn-core-agent/venv-proot/lib/python3.11/site-packages/fastapi/applications.py:18: StarletteDeprecationWarning: 'HTTP_422_UNPROCESSABLE_ENTITY' is deprecated. Use 'HTTP_422_UNPROCESSABLE_CONTENT' instead.
2026-08-28 12:51:31:   from fastapi.exception_handlers import (
2026-08-28 12:51:31: /home/sen/aeryn-core-agent/venv-proot/lib/python3.11/site-packages/fastapi/applications.py:30: StarletteDeprecationWarning: 'HTTP_422_UNPROCESSABLE_ENTITY' is deprecated. Use 'HTTP_422_UNPROCESSABLE_CONTENT' instead.
2026-08-28 12:51:31:   from fastapi.openapi.utils import get_openapi
2026-08-28 12:51:32: Traceback (most recent call last):
2026-08-28 12:51:32:   File "/home/sen/aeryn-core-agent/apps/api/aeryn_api.py", line 46, in <module>
2026-08-28 12:51:32:     app = FastAPI(title="Aeryn Daemon", version="40.55")
2026-08-28 12:51:32:           ^^^^^^^^^^^^^^^^^^^^^^^^^^^^^^^^^^^^^^^^^^^^^^
2026-08-28 12:51:32:   File "/home/sen/aeryn-core-agent/venv-proot/lib/python3.11/site-packages/fastapi/applications.py", line 896, in __init__
2026-08-28 12:51:32:     ] = webhooks or routing.APIRouter()
2026-08-28 12:51:32:                     ^^^^^^^^^^^^^^^^^^^
2026-08-28 12:51:32:   File "/home/sen/aeryn-core-agent/venv-proot/lib/python3.11/site-packages/fastapi/routing.py", line 837, in __init__
2026-08-28 12:51:32:     super().__init__(
2026-08-28 12:51:32: TypeError: Router.__init__() got an unexpected keyword argument 'on_startup'
2026-08-28 12:51:37: /home/sen/aeryn-core-agent/venv-proot/lib/python3.11/site-packages/fastapi/applications.py:18: StarletteDeprecationWarning: 'HTTP_422_UNPROCESSABLE_ENTITY' is deprecated. Use 'HTTP_422_UNPROCESSABLE_CONTENT' instead.
2026-08-28 12:51:37:   from fastapi.exception_handlers import (
2026-08-28 12:51:37: /home/sen/aeryn-core-agent/venv-proot/lib/python3.11/site-packages/fastapi/applications.py:30: StarletteDeprecationWarning: 'HTTP_422_UNPROCESSABLE_ENTITY' is deprecated. Use 'HTTP_422_UNPROCESSABLE_CONTENT' instead.
2026-08-28 12:51:37:   from fastapi.openapi.utils import get_openapi
2026-08-28 12:51:37: Traceback (most recent call last):
2026-08-28 12:51:37:   File "/home/sen/aeryn-core-agent/apps/api/aeryn_api.py", line 46, in <module>
2026-08-28 12:51:37:     app = FastAPI(title="Aeryn Daemon", version="40.55")
2026-08-28 12:51:37:           ^^^^^^^^^^^^^^^^^^^^^^^^^^^^^^^^^^^^^^^^^^^^^^
2026-08-28 12:51:37:   File "/home/sen/aeryn-core-agent/venv-proot/lib/python3.11/site-packages/fastapi/applications.py", line 896, in __init__
2026-08-28 12:51:37:     ] = webhooks or routing.APIRouter()
2026-08-28 12:51:37:                     ^^^^^^^^^^^^^^^^^^^
2026-08-28 12:51:37:   File "/home/sen/aeryn-core-agent/venv-proot/lib/python3.11/site-packages/fastapi/routing.py", line 837, in __init__
2026-08-28 12:51:37:     super().__init__(
2026-08-28 12:51:37: TypeError: Router.__init__() got an unexpected keyword argument 'on_startup'
2026-08-28 12:51:42: /home/sen/aeryn-core-agent/venv-proot/lib/python3.11/site-packages/fastapi/applications.py:18: StarletteDeprecationWarning: 'HTTP_422_UNPROCESSABLE_ENTITY' is deprecated. Use 'HTTP_422_UNPROCESSABLE_CONTENT' instead.
2026-08-28 12:51:42:   from fastapi.exception_handlers import (
2026-08-28 12:51:42: /home/sen/aeryn-core-agent/venv-proot/lib/python3.11/site-packages/fastapi/applications.py:30: StarletteDeprecationWarning: 'HTTP_422_UNPROCESSABLE_ENTITY' is deprecated. Use 'HTTP_422_UNPROCESSABLE_CONTENT' instead.
2026-08-28 12:51:42:   from fastapi.openapi.utils import get_openapi
2026-08-28 12:51:42: Traceback (most recent call last):
2026-08-28 12:51:42:   File "/home/sen/aeryn-core-agent/apps/api/aeryn_api.py", line 46, in <module>
2026-08-28 12:51:42:     app = FastAPI(title="Aeryn Daemon", version="40.55")
2026-08-28 12:51:42:           ^^^^^^^^^^^^^^^^^^^^^^^^^^^^^^^^^^^^^^^^^^^^^^
2026-08-28 12:51:42:   File "/home/sen/aeryn-core-agent/venv-proot/lib/python3.11/site-packages/fastapi/applications.py", line 896, in __init__
2026-08-28 12:51:42:     ] = webhooks or routing.APIRouter()
2026-08-28 12:51:42:                     ^^^^^^^^^^^^^^^^^^^
2026-08-28 12:51:42:   File "/home/sen/aeryn-core-agent/venv-proot/lib/python3.11/site-packages/fastapi/routing.py", line 837, in __init__
2026-08-28 12:51:42:     super().__init__(
2026-08-28 12:51:42: TypeError: Router.__init__() got an unexpected keyword argument 'on_startup'
2026-08-28 12:51:47: /home/sen/aeryn-core-agent/venv-proot/lib/python3.11/site-packages/fastapi/applications.py:18: StarletteDeprecationWarning: 'HTTP_422_UNPROCESSABLE_ENTITY' is deprecated. Use 'HTTP_422_UNPROCESSABLE_CONTENT' instead.
2026-08-28 12:51:47:   from fastapi.exception_handlers import (
2026-08-28 12:51:47: /home/sen/aeryn-core-agent/venv-proot/lib/python3.11/site-packages/fastapi/applications.py:30: StarletteDeprecationWarning: 'HTTP_422_UNPROCESSABLE_ENTITY' is deprecated. Use 'HTTP_422_UNPROCESSABLE_CONTENT' instead.
2026-08-28 12:51:47:   from fastapi.openapi.utils import get_openapi
2026-08-28 12:51:47: Traceback (most recent call last):
2026-08-28 12:51:47:   File "/home/sen/aeryn-core-agent/apps/api/aeryn_api.py", line 46, in <module>
2026-08-28 12:51:47:     app = FastAPI(title="Aeryn Daemon", version="40.55")
2026-08-28 12:51:47:           ^^^^^^^^^^^^^^^^^^^^^^^^^^^^^^^^^^^^^^^^^^^^^^
2026-08-28 12:51:47:   File "/home/sen/aeryn-core-agent/venv-proot/lib/python3.11/site-packages/fastapi/applications.py", line 896, in __init__
2026-08-28 12:51:47:     ] = webhooks or routing.APIRouter()
2026-08-28 12:51:47:                     ^^^^^^^^^^^^^^^^^^^
2026-08-28 12:51:47:   File "/home/sen/aeryn-core-agent/venv-proot/lib/python3.11/site-packages/fastapi/routing.py", line 837, in __init__
2026-08-28 12:51:47:     super().__init__(
2026-08-28 12:51:47: TypeError: Router.__init__() got an unexpected keyword argument 'on_startup'
2026-08-28 12:51:52: /home/sen/aeryn-core-agent/venv-proot/lib/python3.11/site-packages/fastapi/applications.py:18: StarletteDeprecationWarning: 'HTTP_422_UNPROCESSABLE_ENTITY' is deprecated. Use 'HTTP_422_UNPROCESSABLE_CONTENT' instead.
2026-08-28 12:51:52:   from fastapi.exception_handlers import (
2026-08-28 12:51:52: /home/sen/aeryn-core-agent/venv-proot/lib/python3.11/site-packages/fastapi/applications.py:30: StarletteDeprecationWarning: 'HTTP_422_UNPROCESSABLE_ENTITY' is deprecated. Use 'HTTP_422_UNPROCESSABLE_CONTENT' instead.
2026-08-28 12:51:52:   from fastapi.openapi.utils import get_openapi
2026-08-28 12:51:52: Traceback (most recent call last):
2026-08-28 12:51:52:   File "/home/sen/aeryn-core-agent/apps/api/aeryn_api.py", line 46, in <module>
2026-08-28 12:51:52:     app = FastAPI(title="Aeryn Daemon", version="40.55")
2026-08-28 12:51:52:           ^^^^^^^^^^^^^^^^^^^^^^^^^^^^^^^^^^^^^^^^^^^^^^
2026-08-28 12:51:52:   File "/home/sen/aeryn-core-agent/venv-proot/lib/python3.11/site-packages/fastapi/applications.py", line 896, in __init__
2026-08-28 12:51:52:     ] = webhooks or routing.APIRouter()
2026-08-28 12:51:52:                     ^^^^^^^^^^^^^^^^^^^
2026-08-28 12:51:52:   File "/home/sen/aeryn-core-agent/venv-proot/lib/python3.11/site-packages/fastapi/routing.py", line 837, in __init__
2026-08-28 12:51:52:     super().__init__(
2026-08-28 12:51:52: TypeError: Router.__init__() got an unexpected keyword argument 'on_startup'
2026-08-28 12:51:57: /home/sen/aeryn-core-agent/venv-proot/lib/python3.11/site-packages/fastapi/applications.py:18: StarletteDeprecationWarning: 'HTTP_422_UNPROCESSABLE_ENTITY' is deprecated. Use 'HTTP_422_UNPROCESSABLE_CONTENT' instead.
2026-08-28 12:51:57:   from fastapi.exception_handlers import (
2026-08-28 12:51:57: /home/sen/aeryn-core-agent/venv-proot/lib/python3.11/site-packages/fastapi/applications.py:30: StarletteDeprecationWarning: 'HTTP_422_UNPROCESSABLE_ENTITY' is deprecated. Use 'HTTP_422_UNPROCESSABLE_CONTENT' instead.
2026-08-28 12:51:57:   from fastapi.openapi.utils import get_openapi
2026-08-28 12:51:57: Traceback (most recent call last):
2026-08-28 12:51:57:   File "/home/sen/aeryn-core-agent/apps/api/aeryn_api.py", line 46, in <module>
2026-08-28 12:51:57:     app = FastAPI(title="Aeryn Daemon", version="40.55")
2026-08-28 12:51:57:           ^^^^^^^^^^^^^^^^^^^^^^^^^^^^^^^^^^^^^^^^^^^^^^
2026-08-28 12:51:57:   File "/home/sen/aeryn-core-agent/venv-proot/lib/python3.11/site-packages/fastapi/applications.py", line 896, in __init__
2026-08-28 12:51:57:     ] = webhooks or routing.APIRouter()
2026-08-28 12:51:57:                     ^^^^^^^^^^^^^^^^^^^
2026-08-28 12:51:57:   File "/home/sen/aeryn-core-agent/venv-proot/lib/python3.11/site-packages/fastapi/routing.py", line 837, in __init__
2026-08-28 12:51:57:     super().__init__(
2026-08-28 12:51:57: TypeError: Router.__init__() got an unexpected keyword argument 'on_startup'
2026-08-28 12:52:02: /home/sen/aeryn-core-agent/venv-proot/lib/python3.11/site-packages/fastapi/applications.py:18: StarletteDeprecationWarning: 'HTTP_422_UNPROCESSABLE_ENTITY' is deprecated. Use 'HTTP_422_UNPROCESSABLE_CONTENT' instead.
2026-08-28 12:52:02:   from fastapi.exception_handlers import (
2026-08-28 12:52:02: /home/sen/aeryn-core-agent/venv-proot/lib/python3.11/site-packages/fastapi/applications.py:30: StarletteDeprecationWarning: 'HTTP_422_UNPROCESSABLE_ENTITY' is deprecated. Use 'HTTP_422_UNPROCESSABLE_CONTENT' instead.
2026-08-28 12:52:02:   from fastapi.openapi.utils import get_openapi
2026-08-28 12:52:02: Traceback (most recent call last):
2026-08-28 12:52:02:   File "/home/sen/aeryn-core-agent/apps/api/aeryn_api.py", line 46, in <module>
2026-08-28 12:52:02:     app = FastAPI(title="Aeryn Daemon", version="40.55")
2026-08-28 12:52:02:    ^^^^^^^^^^^^^^^^^^^^^^^^^^^^^^^^^^^^^^^^^^^^^^
2026-08-28 12:52:02:   File "/home/sen/aeryn-core-agent/venv-proot/lib/python3.11/site-packages/fastapi/applications.py", line 896, in __init__
2026-08-28 12:52:02:     
2026-08-28 12:52:02: ] = webhooks or routing.APIRouter()
2026-08-28 12:52:02:        
2026-08-28 12:52:02:             
2026-08-28 12:52:02:  ^^^^^^^^^^^^^^^^^^^
2026-08-28 12:52:02:   File "/home/sen/aeryn-core-agent/venv-proot/lib/python3.11/site-packages/fastapi/routing.py", line 837, in __init__
2026-08-28 12:52:02:     
2026-08-28 12:52:02: super().__init__(
2026-08-28 12:52:02: : Router.__init__() got an unexpected keyword argument 'on_startup'
2026-08-28 12:52:07: /home/sen/aeryn-core-agent/venv-proot/lib/python3.11/site-packages/fastapi/applications.py:18: StarletteDeprecationWarning: 'HTTP_422_UNPROCESSABLE_ENTITY' is deprecated. Use 'HTTP_422_UNPROCESSABLE_CONTENT' instead.
2026-08-28 12:52:07:   from fastapi.exception_handlers import (
2026-08-28 12:52:08: /home/sen/aeryn-core-agent/venv-proot/lib/python3.11/site-packages/fastapi/applications.py:30: StarletteDeprecationWarning: 'HTTP_422_UNPROCESSABLE_ENTITY' is deprecated. Use 'HTTP_422_UNPROCESSABLE_CONTENT' instead.
2026-08-28 12:52:08:   from fastapi.openapi.utils import get_openapi
2026-08-28 12:52:08: Traceback (most recent call last):
2026-08-28 12:52:08:   File "/home/sen/aeryn-core-agent/apps/api/aeryn_api.py", line 46, in <module>
2026-08-28 12:52:08:     app = FastAPI(title="Aeryn Daemon", version="40.55")
2026-08-28 12:52:08:           ^^^^^^^^^^^^^^^^^^^^^^^^^^^^^^^^^^^^^^^^^^^^^^
2026-08-28 12:52:08:   File "/home/sen/aeryn-core-agent/venv-proot/lib/python3.11/site-packages/fastapi/applications.py", line 896, in __init__
2026-08-28 12:52:08:     ] = webhooks or routing.APIRouter()
2026-08-28 12:52:08:                     ^^^^^^^^^^^^^^^^^^^
2026-08-28 12:52:08:   File "/home/sen/aeryn-core-agent/venv-proot/lib/python3.11/site-packages/fastapi/routing.py", line 837, in __init__
2026-08-28 12:52:08:     super().__init__(
2026-08-28 12:52:08: TypeError: Router.__init__() got an unexpected keyword argument 'on_startup'
2026-08-28 12:52:13: /home/sen/aeryn-core-agent/venv-proot/lib/python3.11/site-packages/fastapi/applications.py:18: StarletteDeprecationWarning: 'HTTP_422_UNPROCESSABLE_ENTITY' is deprecated. Use 'HTTP_422_UNPROCESSABLE_CONTENT' instead.
2026-08-28 12:52:13:   from fastapi.exception_handlers import (
2026-08-28 12:52:13: /home/sen/aeryn-core-agent/venv-proot/lib/python3.11/site-packages/fastapi/applications.py:30: StarletteDeprecationWarning: 'HTTP_422_UNPROCESSABLE_ENTITY' is deprecated. Use 'HTTP_422_UNPROCESSABLE_CONTENT' instead.
2026-08-28 12:52:13:   from fastapi.openapi.utils import get_openapi
2026-08-28 12:52:13: Traceback (most recent call last):
2026-08-28 12:52:13:   File "/home/sen/aeryn-core-agent/apps/api/aeryn_api.py", line 46, in <module>
2026-08-28 12:52:13:     app = FastAPI(title="Aeryn Daemon", version="40.55")
2026-08-28 12:52:13:           ^^^^^^^^^^^^^^^^^^^^^^^^^^^^^^^^^^^^^^^^^^^^^^
2026-08-28 12:52:13:   File "/home/sen/aeryn-core-agent/venv-proot/lib/python3.11/site-packages/fastapi/applications.py", line 896, in __init__
2026-08-28 12:52:13:     ] = webhooks or routing.APIRouter()
2026-08-28 12:52:13:                     ^^^^^^^^^^^^^^^^^^^
2026-08-28 12:52:13:   File "/home/sen/aeryn-core-agent/venv-proot/lib/python3.11/site-packages/fastapi/routing.py", line 837, in __init__
2026-08-28 12:52:13:     super().__init__(
2026-08-28 12:52:13: TypeError: Router.__init__() got an unexpected keyword argument 'on_startup'
2026-08-28 12:52:18: /home/sen/aeryn-core-agent/venv-proot/lib/python3.11/site-packages/fastapi/applications.py:18: StarletteDeprecationWarning: 'HTTP_422_UNPROCESSABLE_ENTITY' is deprecated. Use 'HTTP_422_UNPROCESSABLE_CONTENT' instead.
2026-08-28 12:52:18:   from fastapi.exception_handlers import (
2026-08-28 12:52:18: /home/sen/aeryn-core-agent/venv-proot/lib/python3.11/site-packages/fastapi/applications.py:30: StarletteDeprecationWarning: 'HTTP_422_UNPROCESSABLE_ENTITY' is deprecated. Use 'HTTP_422_UNPROCESSABLE_CONTENT' instead.
2026-08-28 12:52:18:   from fastapi.openapi.utils import get_openapi
2026-08-28 12:52:18: Traceback (most recent call last):
2026-08-28 12:52:18:   File "/home/sen/aeryn-core-agent/apps/api/aeryn_api.py", line 46, in <module>
2026-08-28 12:52:18:     app = FastAPI(title="Aeryn Daemon", version="40.55")
2026-08-28 12:52:18:           ^^^^^^^^^^^^^^^^^^^^^^^^^^^^^^^^^^^^^^^^^^^^^^
2026-08-28 12:52:18:   File "/home/sen/aeryn-core-agent/venv-proot/lib/python3.11/site-packages/fastapi/applications.py", line 896, in __init__
2026-08-28 12:52:18:     ] = webhooks or routing.APIRouter()
2026-08-28 12:52:18:                     ^^^^^^^^^^^^^^^^^^^
2026-08-28 12:52:18:   File "/home/sen/aeryn-core-agent/venv-proot/lib/python3.11/site-packages/fastapi/routing.py", line 837, in __init__
2026-08-28 12:52:18:     super().__init__(
2026-08-28 12:52:18: TypeError: Router.__init__() got an unexpected keyword argument 'on_startup'
2026-08-28 12:52:23: /home/sen/aeryn-core-agent/venv-proot/lib/python3.11/site-packages/fastapi/applications.py:18: StarletteDeprecationWarning: 'HTTP_422_UNPROCESSABLE_ENTITY' is deprecated. Use 'HTTP_422_UNPROCESSABLE_CONTENT' instead.
2026-08-28 12:52:23:   from fastapi.exception_handlers import (
2026-08-28 12:52:23: /home/sen/aeryn-core-agent/venv-proot/lib/python3.11/site-packages/fastapi/applications.py:30: StarletteDeprecationWarning: 'HTTP_422_UNPROCESSABLE_ENTITY' is deprecated. Use 'HTTP_422_UNPROCESSABLE_CONTENT' instead.
2026-08-28 12:52:23:   from fastapi.openapi.utils import get_openapi
2026-08-28 12:52:23: Traceback (most recent call last):
2026-08-28 12:52:23:   File "/home/sen/aeryn-core-agent/apps/api/aeryn_api.py", line 46, in <module>
2026-08-28 12:52:23:     app = FastAPI(title="Aeryn Daemon", version="40.55")
2026-08-28 12:52:23:           ^^^^^^^^^^^^^^^^^^^^^^^^^^^^^^^^^^^^^^^^^^^^^^
2026-08-28 12:52:23:   File "/home/sen/aeryn-core-agent/venv-proot/lib/python3.11/site-packages/fastapi/applications.py", line 896, in __init__
2026-08-28 12:52:23:     ] = webhooks or routing.APIRouter()
2026-08-28 12:52:23:                     ^^^^^^^^^^^^^^^^^^^
2026-08-28 12:52:23:   File "/home/sen/aeryn-core-agent/venv-proot/lib/python3.11/site-packages/fastapi/routing.py", line 837, in __init__
2026-08-28 12:52:23:     super().__init__(
2026-08-28 12:52:23: TypeError: Router.__init__() got an unexpected keyword argument 'on_startup'
2026-08-28 12:52:28: /home/sen/aeryn-core-agent/venv-proot/lib/python3.11/site-packages/fastapi/applications.py:18: StarletteDeprecationWarning: 'HTTP_422_UNPROCESSABLE_ENTITY' is deprecated. Use 'HTTP_422_UNPROCESSABLE_CONTENT' instead.
2026-08-28 12:52:28:   from fastapi.exception_handlers import (
2026-08-28 12:52:28: /home/sen/aeryn-core-agent/venv-proot/lib/python3.11/site-packages/fastapi/applications.py:30: StarletteDeprecationWarning: 'HTTP_422_UNPROCESSABLE_ENTITY' is deprecated. Use 'HTTP_422_UNPROCESSABLE_CONTENT' instead.
2026-08-28 12:52:28:   from fastapi.openapi.utils import get_openapi
2026-08-28 12:52:28: Traceback (most recent call last):
2026-08-28 12:52:28:   File "/home/sen/aeryn-core-agent/apps/api/aeryn_api.py", line 46, in <module>
2026-08-28 12:52:28:     app = FastAPI(title="Aeryn Daemon", version="40.55")
2026-08-28 12:52:28:           ^^^^^^^^^^^^^^^^^^^^^^^^^^^^^^^^^^^^^^^^^^^^^^
2026-08-28 12:52:28:   File "/home/sen/aeryn-core-agent/venv-proot/lib/python3.11/site-packages/fastapi/applications.py", line 896, in __init__
2026-08-28 12:52:28:     ] = webhooks or routing.APIRouter()
2026-08-28 12:52:28:                     ^^^^^^^^^^^^^^^^^^^
2026-08-28 12:52:28:   File "/home/sen/aeryn-core-agent/venv-proot/lib/python3.11/site-packages/fastapi/routing.py", line 837, in __init__
2026-08-28 12:52:28:     super().__init__(
2026-08-28 12:52:28: TypeError: Router.__init__() got an unexpected keyword argument 'on_startup'
2026-08-28 12:52:33: /home/sen/aeryn-core-agent/venv-proot/lib/python3.11/site-packages/fastapi/applications.py:18: StarletteDeprecationWarning: 'HTTP_422_UNPROCESSABLE_ENTITY' is deprecated. Use 'HTTP_422_UNPROCESSABLE_CONTENT' instead.
2026-08-28 12:52:33:   from fastapi.exception_handlers import (
2026-08-28 12:52:33: /home/sen/aeryn-core-agent/venv-proot/lib/python3.11/site-packages/fastapi/applications.py:30: StarletteDeprecationWarning: 'HTTP_422_UNPROCESSABLE_ENTITY' is deprecated. Use 'HTTP_422_UNPROCESSABLE_CONTENT' instead.
2026-08-28 12:52:33:   from fastapi.openapi.utils import get_openapi
2026-08-28 12:52:33: Traceback (most recent call last):
2026-08-28 12:52:33:   File "/home/sen/aeryn-core-agent/apps/api/aeryn_api.py", line 46, in <module>
2026-08-28 12:52:33:     app = FastAPI(title="Aeryn Daemon", version="40.55")
2026-08-28 12:52:33:           ^^^^^^^^^^^^^^^^^^^^^^^^^^^^^^^^^^^^^^^^^^^^^^
2026-08-28 12:52:33:   File "/home/sen/aeryn-core-agent/venv-proot/lib/python3.11/site-packages/fastapi/applications.py", line 896, in __init__
2026-08-28 12:52:33:     ] = webhooks or routing.APIRouter()
2026-08-28 12:52:33:                     ^^^^^^^^^^^^^^^^^^^
2026-08-28 12:52:33:   File "/home/sen/aeryn-core-agent/venv-proot/lib/python3.11/site-packages/fastapi/routing.py", line 837, in __init__
2026-08-28 12:52:33:     super().__init__(
2026-08-28 12:52:33: TypeError: Router.__init__() got an unexpected keyword argument 'on_startup'
2026-08-28 12:52:58: /home/sen/aeryn-core-agent/apps/api/aeryn_api.py:48: DeprecationWarning: 
2026-08-28 12:52:58:         on_event is deprecated, use lifespan event handlers instead.
2026-08-28 12:52:58: 
2026-08-28 12:52:58:         Read more about it in the
2026-08-28 12:52:58:         [FastAPI docs for Lifespan Events](https://fastapi.tiangolo.com/advanced/events/).
2026-08-28 12:52:58:         
2026-08-28 12:52:58:   @app.on_event("startup")
2026-08-28 12:52:59: INFO:     Started server process [19555]
2026-08-28 12:52:59: INFO:     Waiting for application startup.
2026-08-28 12:52:59: ERROR:    Traceback (most recent call last):
2026-08-28 12:52:59:   File "/home/sen/aeryn-core-agent/venv-proot/lib/python3.11/site-packages/starlette/routing.py", line 648, in lifespan
2026-08-28 12:52:59:     async with self.lifespan_context(app) as maybe_state:
2026-08-28 12:52:59:   File "/home/sen/aeryn-core-agent/venv-proot/lib/python3.11/site-packages/fastapi/routing.py", line 265, in __aenter__
2026-08-28 12:52:59:     await self._router._startup()
2026-08-28 12:52:59:   File "/home/sen/aeryn-core-agent/venv-proot/lib/python3.11/site-packages/fastapi/routing.py", line 6375, in _startup
2026-08-28 12:52:59:     await handler()
2026-08-28 12:52:59:   File "/home/sen/aeryn-core-agent/apps/api/aeryn_api.py", line 51, in start_background_tasks
2026-08-28 12:52:59:     task = asyncio.create_task(broadcast_loop())
2026-08-28 12:52:59:            ^^^^^^^
2026-08-28 12:52:59: NameError: name 'asyncio' is not defined
2026-08-28 12:52:59: 
2026-08-28 12:52:59: ERROR:    Application startup failed. Exiting.
2026-08-28 12:53:04: /home/sen/aeryn-core-agent/apps/api/aeryn_api.py:48: DeprecationWarning: 
2026-08-28 12:53:04:         on_event is deprecated, use lifespan event handlers instead.
2026-08-28 12:53:04: 
2026-08-28 12:53:04:         Read more about it in the
2026-08-28 12:53:04:         [FastAPI docs for Lifespan Events](https://fastapi.tiangolo.com/advanced/events/).
2026-08-28 12:53:04:         
2026-08-28 12:53:04:   @app.on_event("startup")
2026-08-28 12:53:05: INFO:     Started server process [19568]
2026-08-28 12:53:05: INFO:     Waiting for application startup.
2026-08-28 12:53:05: ERROR:    Traceback (most recent call last):
2026-08-28 12:53:05:   File "/home/sen/aeryn-core-agent/venv-proot/lib/python3.11/site-packages/starlette/routing.py", line 648, in lifespan
2026-08-28 12:53:05:     async with self.lifespan_context(app) as maybe_state:
2026-08-28 12:53:05:   File "/home/sen/aeryn-core-agent/venv-proot/lib/python3.11/site-packages/fastapi/routing.py", line 265, in __aenter__
2026-08-28 12:53:05:     await self._router._startup()
2026-08-28 12:53:05:   File "/home/sen/aeryn-core-agent/venv-proot/lib/python3.11/site-packages/fastapi/routing.py", line 6375, in _startup
2026-08-28 12:53:05:     await handler()
2026-08-28 12:53:05:   File "/home/sen/aeryn-core-agent/apps/api/aeryn_api.py", line 51, in start_background_tasks
2026-08-28 12:53:05:     task = asyncio.create_task(broadcast_loop())
2026-08-28 12:53:05:            ^^^^^^^
2026-08-28 12:53:05: NameError: name 'asyncio' is not defined
2026-08-28 12:53:05: 
2026-08-28 12:53:05: ERROR:    Application startup failed. Exiting.
2026-08-28 12:53:10: /home/sen/aeryn-core-agent/apps/api/aeryn_api.py:48: DeprecationWarning: 
2026-08-28 12:53:10:         on_event is deprecated, use lifespan event handlers instead.
2026-08-28 12:53:10: 
2026-08-28 12:53:10:         Read more about it in the
2026-08-28 12:53:10:         [FastAPI docs for Lifespan Events](https://fastapi.tiangolo.com/advanced/events/).
2026-08-28 12:53:10:         
2026-08-28 12:53:10:   @app.on_event("startup")
2026-08-28 12:53:10: INFO:     Started server process [19578]
2026-08-28 12:53:10: INFO:     Waiting for application startup.
2026-08-28 12:53:10: ERROR:    Traceback (most recent call last):
2026-08-28 12:53:10:   File "/home/sen/aeryn-core-agent/venv-proot/lib/python3.11/site-packages/starlette/routing.py", line 648, in lifespan
2026-08-28 12:53:10:     async with self.lifespan_context(app) as maybe_state:
2026-08-28 12:53:10:   File "/home/sen/aeryn-core-agent/venv-proot/lib/python3.11/site-packages/fastapi/routing.py", line 265, in __aenter__
2026-08-28 12:53:10:     await self._router._startup()
2026-08-28 12:53:10:   File "/home/sen/aeryn-core-agent/venv-proot/lib/python3.11/site-packages/fastapi/routing.py", line 6375, in _startup
2026-08-28 12:53:10:     await handler()
2026-08-28 12:53:10:   File "/home/sen/aeryn-core-agent/apps/api/aeryn_api.py", line 51, in start_background_tasks
2026-08-28 12:53:10:     task = asyncio.create_task(broadcast_loop())
2026-08-28 12:53:10:            ^^^^^^^
2026-08-28 12:53:10: NameError: name 'asyncio' is not defined
2026-08-28 12:53:10: 
2026-08-28 12:53:10: ERROR:    Application startup failed. Exiting.
2026-08-28 12:53:15: /home/sen/aeryn-core-agent/apps/api/aeryn_api.py:48: DeprecationWarning: 
2026-08-28 12:53:15:         on_event is deprecated, use lifespan event handlers instead.
2026-08-28 12:53:15: 
2026-08-28 12:53:15:         Read more about it in the
2026-08-28 12:53:15:         [FastAPI docs for Lifespan Events](https://fastapi.tiangolo.com/advanced/events/).
2026-08-28 12:53:15:         
2026-08-28 12:53:15:   @app.on_event("startup")
2026-08-28 12:53:16: INFO:     Started server process [19591]
2026-08-28 12:53:16: INFO:     Waiting for application startup.
2026-08-28 12:53:16: ERROR:    Traceback (most recent call last):
2026-08-28 12:53:16:   File "/home/sen/aeryn-core-agent/venv-proot/lib/python3.11/site-packages/starlette/routing.py", line 648, in lifespan
2026-08-28 12:53:16:     async with self.lifespan_context(app) as maybe_state:
2026-08-28 12:53:16:   File "/home/sen/aeryn-core-agent/venv-proot/lib/python3.11/site-packages/fastapi/routing.py", line 265, in __aenter__
2026-08-28 12:53:16:     await self._router._startup()
2026-08-28 12:53:16:   File "/home/sen/aeryn-core-agent/venv-proot/lib/python3.11/site-packages/fastapi/routing.py", line 6375, in _startup
2026-08-28 12:53:16:     await handler()
2026-08-28 12:53:16:   File "/home/sen/aeryn-core-agent/apps/api/aeryn_api.py", line 51, in start_background_tasks
2026-08-28 12:53:16:     task = asyncio.create_task(broadcast_loop())
2026-08-28 12:53:16:            ^^^^^^^
2026-08-28 12:53:16: NameError: name 'asyncio' is not defined
2026-08-28 12:53:16: 
2026-08-28 12:53:16: ERROR:    Application startup failed. Exiting.
2026-08-28 12:53:21: /home/sen/aeryn-core-agent/apps/api/aeryn_api.py:48: DeprecationWarning: 
2026-08-28 12:53:21:         on_event is deprecated, use lifespan event handlers instead.
2026-08-28 12:53:21: 
2026-08-28 12:53:21:         Read more about it in the
2026-08-28 12:53:21:         [FastAPI docs for Lifespan Events](https://fastapi.tiangolo.com/advanced/events/).
2026-08-28 12:53:21:         
2026-08-28 12:53:21:   @app.on_event("startup")
2026-08-28 12:53:21: INFO:     Started server process [19606]
2026-08-28 12:53:21: INFO:     Waiting for application startup.
2026-08-28 12:53:21: ERROR:    Traceback (most recent call last):
2026-08-28 12:53:21:   File "/home/sen/aeryn-core-agent/venv-proot/lib/python3.11/site-packages/starlette/routing.py", line 648, in lifespan
2026-08-28 12:53:21:     async with self.lifespan_context(app) as maybe_state:
2026-08-28 12:53:21:   File "/home/sen/aeryn-core-agent/venv-proot/lib/python3.11/site-packages/fastapi/routing.py", line 265, in __aenter__
2026-08-28 12:53:21:     await self._router._startup()
2026-08-28 12:53:21:   File "/home/sen/aeryn-core-agent/venv-proot/lib/python3.11/site-packages/fastapi/routing.py", line 6375, in _startup
2026-08-28 12:53:21:     await handler()
2026-08-28 12:53:21:   File "/home/sen/aeryn-core-agent/apps/api/aeryn_api.py", line 51, in start_background_tasks
2026-08-28 12:53:21:     task = asyncio.create_task(broadcast_loop())
2026-08-28 12:53:21:            ^^^^^^^
2026-08-28 12:53:21: NameError: name 'asyncio' is not defined
2026-08-28 12:53:21: 
2026-08-28 12:53:21: ERROR:    Application startup failed. Exiting.
2026-08-28 12:53:26: /home/sen/aeryn-core-agent/apps/api/aeryn_api.py:48: DeprecationWarning: 
2026-08-28 12:53:26:         on_event is deprecated, use lifespan event handlers instead.
2026-08-28 12:53:26: 
2026-08-28 12:53:26:         Read more about it in the
2026-08-28 12:53:26:         [FastAPI docs for Lifespan Events](https://fastapi.tiangolo.com/advanced/events/).
2026-08-28 12:53:26:         
2026-08-28 12:53:26:   @app.on_event("startup")
2026-08-28 12:53:27: INFO:     Started server process [19632]
2026-08-28 12:53:27: INFO:     Waiting for application startup.
2026-08-28 12:53:27: ERROR:    Traceback (most recent call last):
2026-08-28 12:53:27:   File "/home/sen/aeryn-core-agent/venv-proot/lib/python3.11/site-packages/starlette/routing.py", line 648, in lifespan
2026-08-28 12:53:27:     async with self.lifespan_context(app) as maybe_state:
2026-08-28 12:53:27:   File "/home/sen/aeryn-core-agent/venv-proot/lib/python3.11/site-packages/fastapi/routing.py", line 265, in __aenter__
2026-08-28 12:53:27:     await self._router._startup()
2026-08-28 12:53:27:   File "/home/sen/aeryn-core-agent/venv-proot/lib/python3.11/site-packages/fastapi/routing.py", line 6375, in _startup
2026-08-28 12:53:27:     await handler()
2026-08-28 12:53:27:   File "/home/sen/aeryn-core-agent/apps/api/aeryn_api.py", line 51, in start_background_tasks
2026-08-28 12:53:27:     task = asyncio.create_task(broadcast_loop())
2026-08-28 12:53:27:            ^^^^^^^
2026-08-28 12:53:27: NameError: name 'asyncio' is not defined
2026-08-28 12:53:27: 
2026-08-28 12:53:27: ERROR:    Application startup failed. Exiting.
2026-08-28 12:53:32: /home/sen/aeryn-core-agent/apps/api/aeryn_api.py:48: DeprecationWarning: 
2026-08-28 12:53:32:         on_event is deprecated, use lifespan event handlers instead.
2026-08-28 12:53:32: 
2026-08-28 12:53:32:         Read more about it in the
2026-08-28 12:53:32:         [FastAPI docs for Lifespan Events](https://fastapi.tiangolo.com/advanced/events/).
2026-08-28 12:53:32:         
2026-08-28 12:53:32:   @app.on_event("startup")
2026-08-28 12:53:32: INFO:     Started server process [19641]
2026-08-28 12:53:32: INFO:     Waiting for application startup.
2026-08-28 12:53:32: ERROR:    Traceback (most recent call last):
2026-08-28 12:53:32:   File "/home/sen/aeryn-core-agent/venv-proot/lib/python3.11/site-packages/starlette/routing.py", line 648, in lifespan
2026-08-28 12:53:32:     async with self.lifespan_context(app) as maybe_state:
2026-08-28 12:53:32:   File "/home/sen/aeryn-core-agent/venv-proot/lib/python3.11/site-packages/fastapi/routing.py", line 265, in __aenter__
2026-08-28 12:53:32:     await self._router._startup()
2026-08-28 12:53:32:   File "/home/sen/aeryn-core-agent/venv-proot/lib/python3.11/site-packages/fastapi/routing.py", line 6375, in _startup
2026-08-28 12:53:32:     await handler()
2026-08-28 12:53:32:   File "/home/sen/aeryn-core-agent/apps/api/aeryn_api.py", line 51, in start_background_tasks
2026-08-28 12:53:32:     task = asyncio.create_task(broadcast_loop())
2026-08-28 12:53:32:            ^^^^^^^
2026-08-28 12:53:32: NameError: name 'asyncio' is not defined
2026-08-28 12:53:32: 
2026-08-28 12:53:32: ERROR:    Application startup failed. Exiting.
2026-08-28 12:53:37: /home/sen/aeryn-core-agent/apps/api/aeryn_api.py:48: DeprecationWarning: 
2026-08-28 12:53:37:         on_event is deprecated, use lifespan event handlers instead.
2026-08-28 12:53:37: 
2026-08-28 12:53:37:         Read more about it in the
2026-08-28 12:53:37:         [FastAPI docs for Lifespan Events](https://fastapi.tiangolo.com/advanced/events/).
2026-08-28 12:53:37:         
2026-08-28 12:53:37:   @app.on_event("startup")
2026-08-28 12:53:38: INFO:     Started server process [19648]
2026-08-28 12:53:38: INFO:     Waiting for application startup.
2026-08-28 12:53:38: ERROR:    Traceback (most recent call last):
2026-08-28 12:53:38:   File "/home/sen/aeryn-core-agent/venv-proot/lib/python3.11/site-packages/starlette/routing.py", line 648, in lifespan
2026-08-28 12:53:38:     async with self.lifespan_context(app) as maybe_state:
2026-08-28 12:53:38:   File "/home/sen/aeryn-core-agent/venv-proot/lib/python3.11/site-packages/fastapi/routing.py", line 265, in __aenter__
2026-08-28 12:53:38:     await self._router._startup()
2026-08-28 12:53:38:   File "/home/sen/aeryn-core-agent/venv-proot/lib/python3.11/site-packages/fastapi/routing.py", line 6375, in _startup
2026-08-28 12:53:38:     await handler()
2026-08-28 12:53:38:   File "/home/sen/aeryn-core-agent/apps/api/aeryn_api.py", line 51, in start_background_tasks
2026-08-28 12:53:38:     task = asyncio.create_task(broadcast_loop())
2026-08-28 12:53:38:            ^^^^^^^
2026-08-28 12:53:38: NameError: name 'asyncio' is not defined
2026-08-28 12:53:38: 
2026-08-28 12:53:38: ERROR:    Application startup failed. Exiting.
2026-08-28 12:53:43: /home/sen/aeryn-core-agent/apps/api/aeryn_api.py:48: DeprecationWarning: 
2026-08-28 12:53:43:         on_event is deprecated, use lifespan event handlers instead.
2026-08-28 12:53:43: 
2026-08-28 12:53:43:         Read more about it in the
2026-08-28 12:53:43:         [FastAPI docs for Lifespan Events](https://fastapi.tiangolo.com/advanced/events/).
2026-08-28 12:53:43:         
2026-08-28 12:53:43:   @app.on_event("startup")
2026-08-28 12:53:43: INFO:     Started server process [19702]
2026-08-28 12:53:43: INFO:     Waiting for application startup.
2026-08-28 12:53:43: INFO:     Application startup complete.
2026-08-28 12:53:43: INFO:     Uvicorn running on http://127.0.0.1:3010 (Press CTRL+C to quit)
2026-08-28 12:53:51: INFO:     Shutting down
2026-08-28 12:53:51: INFO:     Waiting for application shutdown.
2026-08-28 12:53:51: INFO:     Application shutdown complete.
2026-08-28 12:53:51: INFO:     Finished server process [19702]
2026-08-28 12:53:52: /home/sen/aeryn-core-agent/apps/api/aeryn_api.py:48: DeprecationWarning: 
2026-08-28 12:53:52:         on_event is deprecated, use lifespan event handlers instead.
2026-08-28 12:53:52: 
2026-08-28 12:53:52:         Read more about it in the
2026-08-28 12:53:52:         [FastAPI docs for Lifespan Events](https://fastapi.tiangolo.com/advanced/events/).
2026-08-28 12:53:52:         
2026-08-28 12:53:52:   @app.on_event("startup")
2026-08-28 12:53:53: INFO:     Started server process [19767]
2026-08-28 12:53:53: INFO:     Waiting for application startup.
2026-08-28 12:53:53: INFO:     Application startup complete.
2026-08-28 12:53:53: INFO:     Uvicorn running on http://127.0.0.1:3010 (Press CTRL+C to quit)
2026-08-28 12:54:44: INFO:     127.0.0.1:45866 - "WebSocket /ws/dashboard" 403
2026-08-28 12:54:44: INFO:     connection rejected (403 Forbidden)
2026-08-28 12:55:54: INFO:     Shutting down
2026-08-28 12:55:54: INFO:     Waiting for application shutdown.
2026-08-28 12:55:54: INFO:     Application shutdown complete.
2026-08-28 12:55:54: INFO:     Finished server process [19767]
2026-08-28 12:55:57: /home/sen/aeryn-core-agent/apps/api/aeryn_api.py:48: DeprecationWarning: 
2026-08-28 12:55:57:         on_event is deprecated, use lifespan event handlers instead.
2026-08-28 12:55:57: 
2026-08-28 12:55:57:         Read more about it in the
2026-08-28 12:55:57:         [FastAPI docs for Lifespan Events](https://fastapi.tiangolo.com/advanced/events/).
2026-08-28 12:55:57:         
2026-08-28 12:55:57:   @app.on_event("startup")
2026-08-28 12:55:58: INFO:     Started server process [21726]
2026-08-28 12:55:58: INFO:     Waiting for application startup.
2026-08-28 12:55:58: INFO:     Application startup complete.
2026-08-28 12:55:58: INFO:     Uvicorn running on http://127.0.0.1:3010 (Press CTRL+C to quit)
2026-08-28 12:56:18: INFO:     127.0.0.1:45366 - "WebSocket /ws/dashboard" 403
2026-08-28 12:56:18: INFO:     connection rejected (403 Forbidden)
2026-08-28 12:57:23: INFO:     Shutting down
2026-08-28 12:57:23: INFO:     Waiting for application shutdown.
2026-08-28 12:57:23: INFO:     Application shutdown complete.
2026-08-28 12:57:23: INFO:     Finished server process [21726]
2026-08-28 12:57:27: /home/sen/aeryn-core-agent/apps/api/aeryn_api.py:49: DeprecationWarning: 
2026-08-28 12:57:27:         on_event is deprecated, use lifespan event handlers instead.
2026-08-28 12:57:27: 
2026-08-28 12:57:27:         Read more about it in the
2026-08-28 12:57:27:         [FastAPI docs for Lifespan Events](https://fastapi.tiangolo.com/advanced/events/).
2026-08-28 12:57:27:         
2026-08-28 12:57:27:   @app.on_event("startup")
2026-08-28 12:57:28: INFO:     Started server process [26437]
2026-08-28 12:57:28: INFO:     Waiting for application startup.
2026-08-28 12:57:28: INFO:     Application startup complete.
2026-08-28 12:57:28: INFO:     Uvicorn running on http://127.0.0.1:3010 (Press CTRL+C to quit)
2026-08-28 12:59:13: INFO:     Shutting down
2026-08-28 12:59:13: INFO:     Waiting for application shutdown.
2026-08-28 12:59:13: INFO:     Application shutdown complete.
2026-08-28 12:59:13: INFO:     Finished server process [26437]
2026-08-28 12:59:15: /home/sen/aeryn-core-agent/apps/api/aeryn_api.py:48: DeprecationWarning: 
2026-08-28 12:59:15:         on_event is deprecated, use lifespan event handlers instead.
2026-08-28 12:59:15: 
2026-08-28 12:59:15:         Read more about it in the
2026-08-28 12:59:15:         [FastAPI docs for Lifespan Events](https://fastapi.tiangolo.com/advanced/events/).
2026-08-28 12:59:15:         
2026-08-28 12:59:15:   @app.on_event("startup")
2026-08-28 12:59:15: INFO:     Started server process [27333]
2026-08-28 12:59:15: INFO:     Waiting for application startup.
2026-08-28 12:59:15: INFO:     Application startup complete.
2026-08-28 12:59:15: INFO:     Uvicorn running on http://127.0.0.1:3010 (Press CTRL+C to quit)
2026-08-28 12:59:26: INFO:     127.0.0.1:39210 - "WebSocket /ws/dashboard" [accepted]
2026-08-28 12:59:26: INFO:     connection open
2026-08-28 12:59:37: INFO:     127.0.0.1:56394 - "WebSocket /ws/dashboard" [accepted]
2026-08-28 12:59:37: INFO:     connection open
